[backblue.gif]
[fade.gif]
[index.html]
[sushi7.net/wp-json/oembed/1.0/embedf5de.json]
[sushi7.net/feed/index.html]
[sushi7.net/wp-json/oembed/1.0/embed7a0b]
[sushi7.net/comments/feed/index.html]
[sushi7.net/wp-includes/js/jquery/jquery.minf43b.js]
[sushi7.net/wp-includes/js/jquery/jquery-migrate.min5589.js]
[sushi7.net/wp-content/themes/wp_igloo5-v1.4/panel/scripts/modernizr-2.6.2d4d0.js]
[sushi7.net/wp-json/wp/v2/pages/774.json]
[sushi7.net/wp-json/index.html]
[sushi7.net/wp-content/uploads/2018/01/16px.png]
[sushi7.net/wp-content/uploads/2018/01/57px.png]
[sushi7.net/wp-content/uploads/2018/01/72px.png]
[sushi7.net/wp-content/uploads/2018/01/bg-main.png]
[sushi7.net/wp-content/uploads/2019/08/feat-about.jpg]
[sushi7.net/wp-content/uploads/2019/07/feat-about.jpg]
[sushi7.net/wp-content/uploads/2019/06/logo-top-1.png]
[sushi7.net/wp-content/uploads/2020/12/diy-sushi-icon.png]
[sushi7.net/wp-content/uploads/2020/12/diy-sushi-icon-video.png]
[sushi7.net/wp-content/uploads/2021/04/bg-video.jpg]
[sushi7.net/wp-content/uploads/2020/05/DSC_0718_sashimi.jpg]
[sushi7.net/wp-content/uploads/2020/05/DSC_0778_spring_roll_1.jpg]
[sushi7.net/wp-content/uploads/2016/06/order.png]
[sushi7.net/wp-content/uploads/2020/10/home-1.jpg]
[sushi7.net/wp-content/uploads/2016/06/contact.png]
[sushi7.net/wp-content/uploads/2018/01/Seven_Seas_LLC_1_1.pdf]
[sushi7.net/wp-content/uploads/2019/06/kosher.png]
[sushi7.net/wp-content/plugins/visualcomposer/public/dist/runtime.bundleca1f.js]
[sushi7.net/wp-content/plugins/visualcomposer/public/dist/front.bundleca1f.js]
[sushi7.net/wp-content/plugins/visualcomposer/public/sources/assetsLibrary/slickSlider/dist/slickCustom.bundlea662.js]
[sushi7.net/wp-content/uploads/visualcomposer-assets/elements/contentSlider/contentSlider/public/dist/contentSlider.minbd10.js]
[sushi7.net/wp-content/plugins/visualcomposer/public/sources/assetsLibrary/lazyLoad/dist/lazyLoad.bundlea662.js]
[sushi7.net/wp-content/plugins/visualcomposer/public/sources/assetsLibrary/backgroundSlider/dist/backgroundSlider.bundlea662.js]
[sushi7.net/wp-content/themes/wp_igloo5-v1.4/panel/scripts/fancybox-2.1.5/jquery.fancybox.packd63f.js]
[sushi7.net/wp-includes/js/dist/hooks.minaf5f.js]
[sushi7.net/wp-includes/js/dist/i18n.min1cde.js]
[sushi7.net/wp-content/plugins/contact-form-7/includes/swv/js/index1b46.js]
[sushi7.net/wp-content/plugins/contact-form-7/includes/js/index1b46.js]
[sushi7.net/wp-content/plugins/cssigniter-shortcodes/src/vendor/tiny-slider/tiny-slider.minf342.js]
[sushi7.net/wp-content/plugins/cssigniter-shortcodes/src/js/scripts.mina305.js]
[sushi7.net/wp-content/themes/wp_igloo5-v1.4/panel/scripts/jquery.hoverIntent.r7.min5618.js]
[sushi7.net/wp-content/themes/wp_igloo5-v1.4/panel/scripts/superfish-1.7.4.minb34d.js]
[sushi7.net/wp-content/themes/wp_igloo5-v1.4/js/jRespond.minf24c.js]
[sushi7.net/wp-content/themes/wp_igloo5-v1.4/js/jquery.jpanelmenu.minf24c.js]
[sushi7.net/wp-content/themes/wp_igloo5-v1.4/panel/scripts/jquery.flexslider-2.1-mind4d0.js]
[sushi7.net/wp-content/themes/wp_igloo5-v1.4/panel/scripts/jquery.fitvids4963.js]
[sushi7.net/wp-content/themes/wp_igloo5-v1.4/js/scriptsf24c.js]
[sushi7.net/wp-content/themes/wp_igloo5-v1.4/panel/components/retinajs/dist/retina6f3e.js]
[sushi7.net/wp-content/plugins/slick-menu/assets/vendors/modernizr/modernizrda20.js]
[sushi7.net/wp-content/plugins/slick-menu/assets/vendors/greensock/TweenMax.minda20.js]
[sushi7.net/wp-content/plugins/slick-menu/assets/vendors/greensock/ScrollToPlugin.minda20.js]
[sushi7.net/wp-content/plugins/slick-menu/assets/js/utils.minda20.js]
[sushi7.net/wp-content/plugins/slick-menu/assets/js/slickmenu.minda20.js]
[sushi7.net/wp-content/plugins/slick-menu/assets/js/frontend.minda20.js]
[sushi7.net/index.html]
[sushi7.net/wp-content/themes/wp_igloo5-v1.4/panel/scripts/fancybox-2.1.5/fancybox_sprite.png]
[sushi7.net/wp-content/themes/wp_igloo5-v1.4/panel/scripts/fancybox-2.1.5/fancybox_loading.gif]
[sushi7.net/wp-content/themes/wp_igloo5-v1.4/panel/scripts/fancybox-2.1.5/blank.gif]
[sushi7.net/wp-content/themes/wp_igloo5-v1.4/panel/scripts/fancybox-2.1.5/fancybox_overlay.png]
[sushi7.net/wp-content/themes/wp_igloo5-v1.4/panel/scripts/fancybox-2.1.5/fancybox_sprite@2x.png]
[sushi7.net/wp-content/themes/wp_igloo5-v1.4/panel/scripts/fancybox-2.1.5/fancybox_loading@2x.gif]
[sushi7.net/wp-content/themes/wp_igloo5-v1.4/panel/scripts/fancybox-2.1.5/jquery.fancyboxd63f.css]
[sushi7.net/wp-includes/fonts/dashicons7d4b.eot]
[sushi7.net/wp-includes/fonts/dashicons7d4b.ttf]
[sushi7.net/wp-includes/css/dashicons.mind4d0.css]
[sushi7.net/wp-content/plugins/instagram-feed/img/sbi-sprite.png]
[sushi7.net/wp-content/plugins/instagram-feed/css/sbi-styles.minf7be.css]
[sushi7.net/wp-content/plugins/slick-menu/includes/modules/slick-menu-icons/includes/library/slick-menu-icon-picker/css/types/Elusive-Icons.eot]
[sushi7.net/wp-content/plugins/slick-menu/includes/modules/slick-menu-icons/includes/library/slick-menu-icon-picker/css/types/Elusive-Iconsd41d.eot]
[sushi7.net/wp-content/plugins/slick-menu/includes/modules/slick-menu-icons/includes/library/slick-menu-icon-picker/css/types/Elusive-Icons.ttf]
[sushi7.net/wp-content/plugins/slick-menu/includes/modules/slick-menu-icons/includes/library/slick-menu-icon-picker/css/types/Elusive-Icons.woff]
[sushi7.net/wp-content/plugins/slick-menu/includes/modules/slick-menu-icons/includes/library/slick-menu-icon-picker/css/types/elusive.mind5f7.css]
[sushi7.net/wp-content/plugins/socials-ignited/includes/assets/vendor/fontawesome/webfonts/fa-brands-400.eot]
[sushi7.net/wp-content/plugins/socials-ignited/includes/assets/vendor/fontawesome/webfonts/fa-brands-400d41d.eot]
[sushi7.net/wp-content/plugins/socials-ignited/includes/assets/vendor/fontawesome/webfonts/fa-brands-400.woff2]
[sushi7.net/wp-content/plugins/socials-ignited/includes/assets/vendor/fontawesome/webfonts/fa-brands-400.woff]
[sushi7.net/wp-content/plugins/socials-ignited/includes/assets/vendor/fontawesome/webfonts/fa-brands-400.ttf]
[sushi7.net/wp-content/plugins/socials-ignited/includes/assets/vendor/fontawesome/webfonts/fa-regular-400.eot]
[sushi7.net/wp-content/plugins/socials-ignited/includes/assets/vendor/fontawesome/webfonts/fa-regular-400d41d.eot]
[sushi7.net/wp-content/plugins/socials-ignited/includes/assets/vendor/fontawesome/webfonts/fa-regular-400.woff2]
[sushi7.net/wp-content/plugins/socials-ignited/includes/assets/vendor/fontawesome/webfonts/fa-regular-400.woff]
[sushi7.net/wp-content/plugins/socials-ignited/includes/assets/vendor/fontawesome/webfonts/fa-regular-400.ttf]
[sushi7.net/wp-content/plugins/socials-ignited/includes/assets/vendor/fontawesome/webfonts/fa-solid-900.eot]
[sushi7.net/wp-content/plugins/socials-ignited/includes/assets/vendor/fontawesome/webfonts/fa-solid-900d41d.eot]
[sushi7.net/wp-content/plugins/socials-ignited/includes/assets/vendor/fontawesome/webfonts/fa-solid-900.woff2]
[sushi7.net/wp-content/plugins/socials-ignited/includes/assets/vendor/fontawesome/webfonts/fa-solid-900.woff]
[sushi7.net/wp-content/plugins/socials-ignited/includes/assets/vendor/fontawesome/webfonts/fa-solid-900.ttf]
[sushi7.net/wp-content/plugins/socials-ignited/includes/assets/vendor/fontawesome/css/all.min52d5.css]
[sushi7.net/wp-content/plugins/slick-menu/includes/modules/slick-menu-icons/includes/library/slick-menu-icon-picker/css/types/foundation-icons.eot]
[sushi7.net/wp-content/plugins/slick-menu/includes/modules/slick-menu-icons/includes/library/slick-menu-icon-picker/css/types/foundation-iconsd41d.eot]
[sushi7.net/wp-content/plugins/slick-menu/includes/modules/slick-menu-icons/includes/library/slick-menu-icon-picker/css/types/foundation-icons.woff]
[sushi7.net/wp-content/plugins/slick-menu/includes/modules/slick-menu-icons/includes/library/slick-menu-icon-picker/css/types/foundation-icons.ttf]
[sushi7.net/wp-content/plugins/slick-menu/includes/modules/slick-menu-icons/includes/library/slick-menu-icon-picker/css/types/foundation-icons.min6aec.css]
[sushi7.net/wp-content/plugins/slick-menu/includes/modules/slick-menu-icons/includes/library/slick-menu-icon-picker/css/types/Genericonsd41d.eot]
[sushi7.net/wp-content/plugins/slick-menu/includes/modules/slick-menu-icons/includes/library/slick-menu-icon-picker/css/types/Genericons.ttf]
[sushi7.net/wp-content/plugins/slick-menu/includes/modules/slick-menu-icons/includes/library/slick-menu-icon-picker/css/types/genericons.mine735.css]
[sushi7.net/wp-content/plugins/slick-menu/includes/modules/slick-menu-icons/css/extra.mina063.css]
[sushi7.net/wp-content/plugins/contact-form-7/includes/css/styles1b46.css]
[sushi7.net/wp-content/plugins/cssigniter-shortcodes/src/style.mina305.css]
[sushi7.net/wp-content/plugins/cssigniter-shortcodes/src/vendor/tiny-slider/tiny-slider.minf342.css]
[sushi7.net/wp-content/plugins/socials-ignited/includes/assets/css/style.min001e.css]
[sushi7.net/wp-content/plugins/slick-menu/assets/vendors/animate/animateda20.css]
[sushi7.net/wp-content/plugins/slick-menu/assets/images/close.png]
[sushi7.net/wp-content/plugins/slick-menu/assets/css/slickmenu.minda20.css]
[sushi7.net/wp-content/themes/wp_igloo5-v1.4/css/foundationd4d0.css]
[sushi7.net/wp-content/themes/wp_igloo5-v1.4/images/title_line.png]
[sushi7.net/wp-content/themes/wp_igloo5-v1.4/images/image-overlay-link.png]
[sushi7.net/wp-content/themes/wp_igloo5-v1.4/images/image-overlay-zoom.png]
[sushi7.net/wp-content/themes/wp_igloo5-v1.4/images/search_icon.png]
[sushi7.net/wp-content/themes/wp_igloo5-v1.4/images/menu_trigger.png]
[sushi7.net/wp-content/themes/wp_igloo5-v1.4/stylef24c.css]
[sushi7.net/wp-content/themes/wp_igloo5-v1.4/css/mediaqueriesd4d0.css]
[sushi7.net/wp-content/themes/wp_igloo5-v1.4/images/bg_direction_nav.png]
[sushi7.net/wp-content/themes/wp_igloo5-v1.4/css/flexsliderd4d0.css]
[sushi7.net/wp-content/themes/wp_igloo5-v1.4/colors/defaultd4d0.css]
[sushi7.net/wp-content/plugins/visualcomposer/public/dist/front.bundleca1f.css]
[sushi7.net/wp-content/plugins/visualcomposer/public/sources/assetsLibrary/slickSlider/dist/slickCustom.bundlea662.css]
[sushi7.net/wp-content/plugins/visualcomposer/public/sources/assetsLibrary/backgroundSimple/dist/backgroundSimple.bundlea662.css]
[sushi7.net/wp-content/plugins/visualcomposer/public/sources/assetsLibrary/backgroundColorGradient/dist/backgroundColorGradient.bundlea662.css]
[sushi7.net/wp-content/plugins/visualcomposer/public/sources/assetsLibrary/backgroundSlider/dist/backgroundSlider.bundlea662.css]
[sushi7.net/wp-content/theme-content/orders2me-banner.png]
[sushi7.net/wp-content/uploads/2019/08/index.png]
[sushi7.net/wp-content/uploads/2019/08/oriental-pattern-1.png]
[sushi7.net/wp-content/uploads/2019/08/sushi-icon-1.png]
[sushi7.net/wp-content/uploads/2019/08/pizza-feat-1.png]
[sushi7.net/wp-content/themes/wp_igloo5-v1.4/custom.css]
[sushi7.net/wp-json/oembed/1.0/embed0d1b.json]
[sushi7.net/wp-json/oembed/1.0/embed0f51]
[sushi7.net/wp-json/wp/v2/pages/27.json]
[sushi7.net/wp-content/plugins/wpcf7-recaptcha/assets/js/wpcf7-recaptcha-controls62ea.js]
[sushi7.net/contact-us/index.html]
[sushi7.net/wp-json/oembed/1.0/embed8a39.json]
[sushi7.net/wp-json/oembed/1.0/embed1aad]
[sushi7.net/wp-json/wp/v2/pages/413.json]
[sushi7.net/wp-content/uploads/2019/07/IMG-2778-e1563314056685.jpg]
[sushi7.net/wp-content/uploads/2019/07/IMG-2778-e1563314056685-768x1024.jpg]
[sushi7.net/wp-content/uploads/2019/07/feat-about-768x1024.jpg]
[sushi7.net/wp-content/uploads/2019/07/IMG-5993-e1563314009674.jpg]
[sushi7.net/wp-content/uploads/2019/07/IMG-5993-e1563314009674-768x1024.jpg]
[sushi7.net/wp-content/uploads/2019/07/IMG-6442-e1563313974346.jpg]
[sushi7.net/wp-content/uploads/2019/07/IMG-6442-e1563313974346-768x1024.jpg]
[sushi7.net/wp-content/uploads/2019/07/IMG-8046-e1563313933405.jpg]
[sushi7.net/wp-content/uploads/2019/07/IMG-8046-e1563313933405-768x1024.jpg]
[sushi7.net/wp-content/uploads/2019/07/IMG-7592.jpg]
[sushi7.net/wp-content/uploads/2019/07/IMG-7592-1024x940.jpg]
[sushi7.net/wp-content/uploads/2023/02/IMG-2486.jpg]
[sushi7.net/wp-content/uploads/2023/02/IMG-2344.jpg]
[sushi7.net/wp-content/uploads/2019/07/IMG-1351-e1563314196457.jpg]
[sushi7.net/wp-content/uploads/2019/07/IMG-1351-e1563314196457-768x1024.jpg]
[sushi7.net/wp-content/uploads/2019/07/IMG-9500-e1563313887341.jpg]
[sushi7.net/wp-content/uploads/2019/07/IMG-9500-e1563313887341-768x1024.jpg]
[sushi7.net/wp-content/uploads/2023/02/IMG-5542-scaled.jpg]
[sushi7.net/wp-content/uploads/2023/02/IMG-5542-768x1024.jpg]
[sushi7.net/wp-content/uploads/2019/07/IMG-9508-e1563313850748.jpg]
[sushi7.net/wp-content/uploads/2019/07/IMG-9508-e1563313850748-768x1024.jpg]
[sushi7.net/wp-content/uploads/2019/07/IMG-2757-e1563314099728.jpg]
[sushi7.net/wp-content/uploads/2019/07/IMG-2757-e1563314099728-768x1024.jpg]
[sushi7.net/wp-content/uploads/2023/02/IMG-3629-scaled.jpg]
[sushi7.net/wp-content/uploads/2023/02/IMG-3629-768x1024.jpg]
[sushi7.net/wp-content/uploads/2023/02/IMG-1377.jpg]
[sushi7.net/wp-content/uploads/2023/02/IMG-1377-1024x561.jpg]
[sushi7.net/wp-content/uploads/2019/07/IMG-0781-e1563314366572.jpg]
[sushi7.net/wp-content/uploads/2019/07/IMG-0781-e1563314366572-768x1024.jpg]
[sushi7.net/wp-content/uploads/2020/10/bg-video.jpg]
[sushi7.net/wp-content/uploads/2018/10/IMG-0037.jpg]
[sushi7.net/wp-content/uploads/2018/10/IMG-0037-1024x926.jpg]
[sushi7.net/wp-content/uploads/2018/10/IMG-8853.jpg]
[sushi7.net/wp-content/uploads/2018/10/IMG-8853-768x1024.jpg]
[sushi7.net/wp-content/uploads/2018/10/IMG-8850.jpg]
[sushi7.net/wp-content/uploads/2018/10/IMG-8850-768x1024.jpg]
[sushi7.net/wp-content/uploads/2018/10/IMG-8849.jpg]
[sushi7.net/wp-content/uploads/2018/10/IMG-8849-768x1024.jpg]
[sushi7.net/wp-content/uploads/2018/10/IMG-8647.jpg]
[sushi7.net/wp-content/uploads/2018/10/IMG-8647-768x1024.jpg]
[sushi7.net/wp-content/uploads/2018/10/IMG-8640.jpg]
[sushi7.net/wp-content/uploads/2018/10/IMG-8640-768x1024.jpg]
[sushi7.net/wp-content/uploads/2018/10/IMG-8482.jpg]
[sushi7.net/wp-content/uploads/2018/10/IMG-8482-768x1024.jpg]
[sushi7.net/wp-content/uploads/2018/10/IMG-8049.jpg]
[sushi7.net/wp-content/uploads/2018/10/IMG-8049-768x1024.jpg]
[sushi7.net/wp-content/uploads/2023/05/File.jpg]
[sushi7.net/wp-content/uploads/2023/05/File-620x1024.jpg]
[sushi7.net/wp-content/uploads/2018/10/IMG-6472.jpg]
[sushi7.net/wp-content/uploads/2018/10/IMG-6472-768x1024.jpg]
[sushi7.net/wp-content/uploads/2018/10/IMG-6213.jpg]
[sushi7.net/wp-content/uploads/2018/10/IMG-6213-875x1024.jpg]
[sushi7.net/wp-content/uploads/2018/10/IMG-5989.jpg]
[sushi7.net/wp-content/uploads/2018/10/IMG-5989-768x1024.jpg]
[sushi7.net/wp-content/uploads/2018/10/IMG-2598.jpg]
[sushi7.net/wp-content/uploads/2018/10/IMG-2598-768x1024.jpg]
[sushi7.net/wp-content/uploads/2023/02/trays-for-paries-and-shiva-1.jpg]
[sushi7.net/wp-content/plugins/visualcomposer/public/sources/assetsLibrary/lazyLoad/dist/lazyLoad.bundle933d.js]
[sushi7.net/wp-content/uploads/visualcomposer-assets/elements/videoPlayer/videoPlayer/public/dist/videoPlayer.min943e.js]
[sushi7.net/wp-content/plugins/visualcomposer/public/sources/assetsLibrary/photoswipe/dist/photoswipe.bundle933d.js]
[sushi7.net/about-us/index.html]
[sushi7.net/wp-json/oembed/1.0/embed03b1.json]
[sushi7.net/wp-json/oembed/1.0/embedaaf6]
[sushi7.net/wp-json/wp/v2/pages/384.json]
[sushi7.net/wp-content/plugins/visualcomposer/public/sources/assetsLibrary/lightbox/dist/lightbox.bundle35af.js]
[sushi7.net/wp-content/plugins/visualcomposer/public/sources/assetsLibrary/lazyLoad/dist/lazyLoad.bundle35af.js]
[sushi7.net/menu-2/index.html]
[sushi7.net/wp-json/oembed/1.0/embed0c68.json]
[sushi7.net/wp-json/oembed/1.0/embed719f]
[sushi7.net/wp-json/wp/v2/pages/507.json]
[sushi7.net/wp-content/uploads/2019/06/Seven_Seas_SushiMenu_2019_5-MIN.pdf]
[sushi7.net/order-sushi-baltimore-location-only/index.html]
[sushi7.net/wp-json/oembed/1.0/embedde85.json]
[sushi7.net/wp-json/oembed/1.0/embed0375]
[sushi7.net/wp-json/wp/v2/pages/431.json]
[sushi7.net/wp-content/uploads/2020/10/home-1-1200x745.jpg]
[sushi7.net/wp-content/uploads/2020/10/home-1-1020x340.jpg]
[sushi7.net/wp-content/uploads/2018/10/IMG-8102.jpg]
[sushi7.net/wp-content/uploads/2018/10/IMG-8046.jpg]
[sushi7.net/wp-content/uploads/2018/10/IMG-8038.jpg]
[sushi7.net/wp-content/uploads/2020/03/Parties__Platters_Flyer2-edited-3-23-2020.pdf]
[sushi7.net/wp-content/uploads/2020/03/Parties__Platters_Flyer2-edited-3-23-2020-min.jpg]
[sushi7.net/wp-content/uploads/2020/05/AHI-TUNA-STEAK.jpg]
[sushi7.net/wp-content/uploads/2020/05/DIY-SUSHI-scaled.jpg]
[sushi7.net/wp-content/uploads/2020/05/DIY-SUSHI-1024x768.jpg]
[sushi7.net/wp-content/uploads/2020/05/SAKU-BLOCK.jpg]
[sushi7.net/wp-content/uploads/2020/05/TUNA-CUBE.jpg]
[sushi7.net/wp-content/uploads/2020/05/sushi-716448_1280.jpg]
[sushi7.net/wp-content/uploads/2020/05/sushi-716448_1280-1024x682.jpg]
[sushi7.net/wp-content/uploads/2020/05/sushi-373588_1280.jpg]
[sushi7.net/wp-content/uploads/2020/05/sushi-373588_1280-1024x682.jpg]
[sushi7.net/wp-content/uploads/2020/05/sashimi-2208909_1280.jpg]
[sushi7.net/wp-content/uploads/2020/05/sashimi-2208909_1280-1024x768.jpg]
[sushi7.net/wp-content/uploads/2020/05/dinner-table-1852975_1280.jpg]
[sushi7.net/wp-content/uploads/2020/05/dinner-table-1852975_1280-1024x680.jpg]
[sushi7.net/wp-content/uploads/2020/05/chef-1209161_1280.jpg]
[sushi7.net/wp-content/uploads/2020/05/chef-1209161_1280-1024x682.jpg]
[sushi7.net/wp-content/plugins/visualcomposer/public/sources/assetsLibrary/lightbox/dist/lightbox.bundlec5d5.js]
[sushi7.net/parties-and-events/index.html]
[sushi7.net/wp-content/uploads/2016/06/location.png]
[sushi7.net/wp-json/oembed/1.0/embed643b.json]
[sushi7.net/wp-json/oembed/1.0/embed8624]
[sushi7.net/wp-json/wp/v2/pages/29.json]
[sushi7.net/location/index.html]
[sushi7.net/wp-admin/admin-ajax.html]
[sushi7.net/wp-content/plugins/slick-menu/includes/modules/slick-menu-icons/includes/library/slick-menu-icon-picker/css/types/Elusive-Icons.svg]
[sushi7.net/wp-content/plugins/socials-ignited/includes/assets/vendor/fontawesome/webfonts/fa-brands-400.svg]
[sushi7.net/wp-content/plugins/socials-ignited/includes/assets/vendor/fontawesome/webfonts/fa-regular-400.svg]
[sushi7.net/wp-content/plugins/socials-ignited/includes/assets/vendor/fontawesome/webfonts/fa-solid-900.svg]
[sushi7.net/wp-content/plugins/slick-menu/includes/modules/slick-menu-icons/includes/library/slick-menu-icon-picker/css/types/foundation-icons.svg]
[sushi7.net/wp-content/plugins/slick-menu/includes/modules/slick-menu-icons/includes/library/slick-menu-icon-picker/css/types/Genericons.svg]
[sushi7.net/index1c4a.html]
[sushi7.net/wp-content/plugins/visualcomposer/public/sources/assetsLibrary/imageFilter/dist/imageFilter.bundle933d.css]
[sushi7.net/wp-content/uploads/visualcomposer-assets/sharedLibraries/iconpicker/dist/fonts/fa-brands-400fcce.eot]
[sushi7.net/wp-content/uploads/visualcomposer-assets/sharedLibraries/iconpicker/dist/fonts/fa-brands-4003699.woff2]
[sushi7.net/wp-content/uploads/visualcomposer-assets/sharedLibraries/iconpicker/dist/fonts/fa-brands-400dc77.woff]
[sushi7.net/wp-content/uploads/visualcomposer-assets/sharedLibraries/iconpicker/dist/fonts/fa-brands-40002df.ttf]
[sushi7.net/wp-content/uploads/visualcomposer-assets/sharedLibraries/iconpicker/dist/fonts/fa-regular-4003371.eot]
[sushi7.net/wp-content/uploads/visualcomposer-assets/sharedLibraries/iconpicker/dist/fonts/fa-regular-400899f.woff2]
[sushi7.net/wp-content/uploads/visualcomposer-assets/sharedLibraries/iconpicker/dist/fonts/fa-regular-40092b8.woff]
[sushi7.net/wp-content/uploads/visualcomposer-assets/sharedLibraries/iconpicker/dist/fonts/fa-regular-400895f.ttf]
[sushi7.net/wp-content/uploads/visualcomposer-assets/sharedLibraries/iconpicker/dist/fonts/fa-solid-9005fae.eot]
[sushi7.net/wp-content/uploads/visualcomposer-assets/sharedLibraries/iconpicker/dist/fonts/fa-solid-900f6e9.woff2]
[sushi7.net/wp-content/uploads/visualcomposer-assets/sharedLibraries/iconpicker/dist/fonts/fa-solid-9002299.woff]
[sushi7.net/wp-content/uploads/visualcomposer-assets/sharedLibraries/iconpicker/dist/fonts/fa-solid-9006cdf.ttf]
[sushi7.net/wp-content/uploads/visualcomposer-assets/sharedLibraries/iconpicker/dist/fontawesome.bundle943e.css]
[sushi7.net/wp-content/plugins/visualcomposer/public/sources/assetsLibrary/photoswipe/dist/photoswipe.bundle933d.css]
[sushi7.net/index672e.html]
[sushi7.net/wp-content/plugins/visualcomposer/public/sources/assetsLibrary/lightbox/dist/lightbox.bundle35af.css]
[sushi7.net/index6905.html]
[sushi7.net/indexcfe8.html]
[sushi7.net/wp-content/plugins/visualcomposer/public/sources/assetsLibrary/lightbox/dist/lightbox.bundlec5d5.css]
[sushi7.net/wp-content/plugins/visualcomposer/public/sources/assetsLibrary/imageFilter/dist/imageFilter.bundlec5d5.css]
[sushi7.net/index88c3.html]
[sushi7.net/index9cd7.html]
[sushi7.net/wp-content/uploads/visualcomposer-assets/sharedLibraries/iconpicker/dist/[object.html]
